// Jest Snapshot v1, https://goo.gl/fbAQLP

exports[`Pruebas en el componente de GifItems Inicializacion del snapshot 1`] = `
<div>
  <div
    class="card"
  >
    <img
      alt="Dragon ball"
      src="htpps://dragonball.com/goku.jpg"
    />
    <p>
       
      Dragon ball
       
    </p>
  </div>
</div>
`;
